// Jest Snapshot v1, https://goo.gl/fbAQLP

exports[`About test Should render About component correct 1`] = `ShallowWrapper {}`;
