// Jest Snapshot v1, https://goo.gl/fbAQLP

exports[`RadioButton test Should render RadioButton component correct 1`] = `ShallowWrapper {}`;
