// Jest Snapshot v1, https://goo.gl/fbAQLP

exports[`Spinner test Should render Spinner component correct 1`] = `ShallowWrapper {}`;
